\BOOKMARK [0][-]{chapter*.1}{\376\377\000S\000t\000r\000e\000s\000z\000c\000z\000e\000n\000i\000e\000\040}{}% 1
\BOOKMARK [0][-]{chapter*.2}{\376\377\000A\000b\000s\000t\000r\000a\000c\000t\000\040}{}% 2
\BOOKMARK [0][-]{chapter.1}{\376\377\000W\000s\000t\001\031\000p}{}% 3
\BOOKMARK [0][-]{chapter.2}{\376\377\000P\000r\000z\000e\000g\000l\001\005\000d\000\040\000l\000i\000t\000e\000r\000a\000t\000u\000r\000y}{}% 4
\BOOKMARK [1][-]{section.2.1}{\376\377\000K\000o\000r\000z\000y\001\133\000c\000i\000\040\000z\000a\000s\000t\000o\000s\000o\000w\000a\000n\000i\000a\000\040\000m\000e\000t\000o\000d\000\040\000z\000e\000s\000p\000o\001\102\000o\000w\000e\000g\000o\000\040\000u\000c\000z\000e\000n\000i\000a\000\040\000m\000a\000s\000z\000y\000n\000o\000w\000e\000g\000o}{chapter.2}% 5
\BOOKMARK [1][-]{section.2.2}{\376\377\000W\000p\000r\000o\000w\000a\000d\000z\000e\000n\000i\000e\000\040\000d\000o\000\040\000m\000e\000t\000o\000d\000\040\000z\000e\000s\000p\000o\001\102\000o\000w\000y\000c\000h}{chapter.2}% 6
\BOOKMARK [2][-]{subsection.2.2.1}{\376\377\000W\000y\000j\000a\001\133\000n\000i\000e\000n\000i\000e\000\040\000i\000d\000e\000i\000\040\000z\000a\000\040\000t\000y\000m\000i\000\040\000t\000e\000c\000h\000n\000i\000k\000a\000m\000i}{section.2.2}% 7
\BOOKMARK [2][-]{subsection.2.2.2}{\376\377\000D\000l\000a\000c\000z\000e\000g\000o\000\040\000s\001\005\000\040\000s\000k\000u\000t\000e\000c\000z\000n\000e\000\040\000w\000\040\000w\000y\000k\000r\000y\000w\000a\000n\000i\000u\000\040\000f\000a\000k\000e\000\040\000n\000e\000w\000s\000\363\000w\000?}{section.2.2}% 8
\BOOKMARK [2][-]{subsection.2.2.3}{\376\377\000W\000a\001\174\000n\000e\000\040\000p\000o\000j\001\031\000c\000i\000a}{section.2.2}% 9
\BOOKMARK [1][-]{section.2.3}{\376\377\000K\000l\000u\000c\000z\000o\000w\000e\000\040\000m\000o\000d\000e\000l\000e\000\040\000w\000\040\000a\000n\000a\000l\000i\000z\000i\000e\000\040\000i\000\040\000d\000e\000t\000e\000k\000c\000j\000i\000\040\000d\000e\000z\000i\000n\000f\000o\000r\000m\000a\000c\000j\000i}{chapter.2}% 10
\BOOKMARK [2][-]{subsection.2.3.1}{\376\377\000R\000e\000g\000r\000e\000s\000j\000a\000\040\000l\000o\000g\000i\000s\000t\000y\000c\000z\000n\000a}{section.2.3}% 11
\BOOKMARK [2][-]{subsection.2.3.2}{\376\377\000R\000a\000n\000d\000o\000m\000\040\000F\000o\000r\000e\000s\000t}{section.2.3}% 12
\BOOKMARK [2][-]{subsection.2.3.3}{\376\377\000B\000o\000o\000s\000t\000i\000n\000g\000:\000\040\000A\000d\000a\000B\000o\000o\000s\000t\000\040\000i\000\040\000G\000r\000a\000d\000i\000e\000n\000t\000\040\000B\000o\000o\000s\000t\000i\000n\000g}{section.2.3}% 13
\BOOKMARK [2][-]{subsection.2.3.4}{\376\377\000X\000G\000B\000o\000o\000s\000t\000\040\000i\000\040\000L\000i\000g\000h\000t\000G\000B\000M}{section.2.3}% 14
\BOOKMARK [2][-]{subsection.2.3.5}{\376\377\000S\000t\000a\000c\000k\000i\000n\000g}{section.2.3}% 15
\BOOKMARK [2][-]{subsection.2.3.6}{\376\377\000S\000i\000e\000c\000i\000\040\000n\000e\000u\000r\000o\000n\000o\000w\000e}{section.2.3}% 16
\BOOKMARK [2][-]{subsection.2.3.7}{\376\377\000V\000o\000t\000i\000n\000g\000\040\000C\000l\000a\000s\000s\000i\000f\000i\000e\000r}{section.2.3}% 17
\BOOKMARK [2][-]{subsection.2.3.8}{\376\377\000M\000o\000d\000e\000l\000e\000\040\000z\000\040\000p\000o\000s\000t\000-\000p\000r\000o\000c\000e\000s\000s\000i\000n\000g\000i\000e\000m}{section.2.3}% 18
\BOOKMARK [2][-]{subsection.2.3.9}{\376\377\000C\000a\000t\000B\000o\000o\000s\000t}{section.2.3}% 19
\BOOKMARK [1][-]{section.2.4}{\376\377\000R\000e\000p\000r\000e\000z\000e\000n\000t\000a\000c\000j\000e\000\040\000s\000e\000m\000a\000n\000t\000y\000c\000z\000n\000e\000\040\000t\000e\000k\000s\000t\000u}{chapter.2}% 20
\BOOKMARK [2][-]{subsection.2.4.1}{\376\377\000B\000E\000R\000T\000\040\000\050\000B\000i\000d\000i\000r\000e\000c\000t\000i\000o\000n\000a\000l\000\040\000E\000n\000c\000o\000d\000e\000r\000\040\000R\000e\000p\000r\000e\000s\000e\000n\000t\000a\000t\000i\000o\000n\000s\000\040\000f\000r\000o\000m\000\040\000T\000r\000a\000n\000s\000f\000o\000r\000m\000e\000r\000s\000\051}{section.2.4}% 21
\BOOKMARK [2][